<html>
<body>
<pre>
<h1>礦ision Build Log</h1>
<h2>Project:</h2>
I:\临时文件\STM32平衡车源码190513\STM32平衡车\BST Balance.uvproj
Project File Date:  03/25/2020

<h2>Output:</h2>
Build target 'Target 1'
linking...
Program Size: Code=38412 RO-data=3828 RW-data=532 ZI-data=1572  
FromELF: creating hex file...
".\Output\BST Balance 0507.axf" - 0 Error(s), 0 Warning(s).
Build target 'Target 1'
compiling upstandingcar.c...
linking...
Program Size: Code=38412 RO-data=3828 RW-data=532 ZI-data=1572  
FromELF: creating hex file...
".\Output\BST Balance 0507.axf" - 0 Error(s), 0 Warning(s).
Build target 'Target 1'
compiling upstandingcar.c...
linking...
Program Size: Code=38412 RO-data=3828 RW-data=532 ZI-data=1572  
FromELF: creating hex file...
".\Output\BST Balance 0507.axf" - 0 Error(s), 0 Warning(s).
Build target 'Target 1'
compiling upstandingcar.c...
linking...
Program Size: Code=38412 RO-data=3828 RW-data=532 ZI-data=1572  
FromELF: creating hex file...
".\Output\BST Balance 0507.axf" - 0 Error(s), 0 Warning(s).
Build target 'Target 1'
compiling upstandingcar.c...
linking...
Program Size: Code=38412 RO-data=3828 RW-data=532 ZI-data=1572  
FromELF: creating hex file...
".\Output\BST Balance 0507.axf" - 0 Error(s), 0 Warning(s).
Build target 'Target 1'
compiling upstandingcar.c...
linking...
Program Size: Code=38412 RO-data=3828 RW-data=532 ZI-data=1572  
FromELF: creating hex file...
".\Output\BST Balance 0507.axf" - 0 Error(s), 0 Warning(s).
Build target 'Target 1'
compiling upstandingcar.c...
linking...
Program Size: Code=38412 RO-data=3828 RW-data=532 ZI-data=1572  
FromELF: creating hex file...
".\Output\BST Balance 0507.axf" - 0 Error(s), 0 Warning(s).
Build target 'Target 1'
compiling upstandingcar.c...
linking...
Program Size: Code=38412 RO-data=3828 RW-data=532 ZI-data=1572  
FromELF: creating hex file...
".\Output\BST Balance 0507.axf" - 0 Error(s), 0 Warning(s).
Build target 'Target 1'
compiling upstandingcar.c...
linking...
Program Size: Code=38412 RO-data=3828 RW-data=532 ZI-data=1572  
FromELF: creating hex file...
".\Output\BST Balance 0507.axf" - 0 Error(s), 0 Warning(s).
Build target 'Target 1'
compiling upstandingcar.c...
linking...
Program Size: Code=38412 RO-data=3828 RW-data=532 ZI-data=1572  
FromELF: creating hex file...
".\Output\BST Balance 0507.axf" - 0 Error(s), 0 Warning(s).
Build target 'Target 1'
compiling upstandingcar.c...
linking...
Program Size: Code=38412 RO-data=3828 RW-data=532 ZI-data=1572  
FromELF: creating hex file...
".\Output\BST Balance 0507.axf" - 0 Error(s), 0 Warning(s).
Build target 'Target 1'
compiling upstandingcar.c...
linking...
Program Size: Code=38412 RO-data=3828 RW-data=532 ZI-data=1572  
FromELF: creating hex file...
".\Output\BST Balance 0507.axf" - 0 Error(s), 0 Warning(s).
Build target 'Target 1'
compiling upstandingcar.c...
linking...
Program Size: Code=38412 RO-data=3828 RW-data=532 ZI-data=1572  
FromELF: creating hex file...
".\Output\BST Balance 0507.axf" - 0 Error(s), 0 Warning(s).
Load "I:\\临时文件\\STM32平衡车源码190513\\STM32平衡车\\Output\\BST Balance 0507.AXF" 
Set JLink Project File to "I:\临时文件\STM32平衡车源码190513\STM32平衡车\JLinkSettings.ini"
 
JLink info:
------------
DLL: V4.15n, compiled Jun 18 2010 19:55:09
Firmware: J-Link V9 compiled May 17 2019 09:50:41
Hardware: V9.40
S/N : 59407257 
Feature(s) : RDI, GDB, FlashDL, FlashBP, JFlash 
 
**JLink Warning: No matching core found.
**JLink Warning: Could not set S_RESET_ST
**JLink Warning: CPU did not halt after reset.
* JLink Info: Core did not halt after reset, trying to disable WDT.
**JLink Warning: CPU did not halt after reset.
* JLink Info: Core did not halt after reset, trying to disable WDT.
**JLink Warning: CPU did not halt after reset.
**JLink Warning: Could not set S_RESET_ST
* JLink Info: SYSRESETREQ has confused core. Trying to reconnect and use VECTRESET.
**JLink Warning: Failed to reset CPU. VECTRESET has confused core.
**JLink Warning: CPU did not halt after reset.
* JLink Info: Core did not halt after reset, trying to disable WDT.
**JLink Warning: CPU did not halt after reset.
* JLink Info: Core did not halt after reset, trying to disable WDT.
**JLink Warning: CPU did not halt after reset.
**JLink Warning: Could not set S_RESET_ST
***JLink Error: Parity error (Data = 0x0000001F, ReceivedParity = 0)
CPU not halted
Communication timed out: Requested 41 bytes, received -1 bytes !
Could not transfer JTAG data.
Build target 'Target 1'
compiling upstandingcar.c...
linking...
Program Size: Code=38412 RO-data=3828 RW-data=532 ZI-data=1572  
FromELF: creating hex file...
".\Output\BST Balance 0507.axf" - 0 Error(s), 0 Warning(s).
Build target 'Target 1'
compiling upstandingcar.c...
linking...
Program Size: Code=38412 RO-data=3828 RW-data=532 ZI-data=1572  
FromELF: creating hex file...
".\Output\BST Balance 0507.axf" - 0 Error(s), 0 Warning(s).
Build target 'Target 1'
compiling upstandingcar.c...
linking...
Program Size: Code=38412 RO-data=3828 RW-data=532 ZI-data=1572  
FromELF: creating hex file...
".\Output\BST Balance 0507.axf" - 0 Error(s), 0 Warning(s).
Build target 'Target 1'
compiling upstandingcar.c...
linking...
Program Size: Code=38412 RO-data=3828 RW-data=532 ZI-data=1572  
FromELF: creating hex file...
".\Output\BST Balance 0507.axf" - 0 Error(s), 0 Warning(s).
Build target 'Target 1'
compiling upstandingcar.c...
linking...
Program Size: Code=38412 RO-data=3828 RW-data=532 ZI-data=1572  
FromELF: creating hex file...
".\Output\BST Balance 0507.axf" - 0 Error(s), 0 Warning(s).
Build target 'Target 1'
compiling upstandingcar.c...
linking...
Program Size: Code=38412 RO-data=3828 RW-data=532 ZI-data=1572  
FromELF: creating hex file...
".\Output\BST Balance 0507.axf" - 0 Error(s), 0 Warning(s).
Build target 'Target 1'
compiling upstandingcar.c...
linking...
Program Size: Code=38412 RO-data=3828 RW-data=532 ZI-data=1572  
FromELF: creating hex file...
".\Output\BST Balance 0507.axf" - 0 Error(s), 0 Warning(s).
Build target 'Target 1'
linking...
Program Size: Code=38412 RO-data=3828 RW-data=532 ZI-data=1572  
FromELF: creating hex file...
".\Output\BST Balance 0507.axf" - 0 Error(s), 0 Warning(s).
Build target 'Target 1'
compiling upstandingcar.c...
linking...
Program Size: Code=38412 RO-data=3828 RW-data=532 ZI-data=1572  
FromELF: creating hex file...
".\Output\BST Balance 0507.axf" - 0 Error(s), 0 Warning(s).
Build target 'Target 1'
compiling upstandingcar.c...
linking...
Program Size: Code=38412 RO-data=3828 RW-data=532 ZI-data=1572  
FromELF: creating hex file...
".\Output\BST Balance 0507.axf" - 0 Error(s), 0 Warning(s).
Build target 'Target 1'
linking...
Program Size: Code=38412 RO-data=3828 RW-data=532 ZI-data=1572  
FromELF: creating hex file...
".\Output\BST Balance 0507.axf" - 0 Error(s), 0 Warning(s).
Build target 'Target 1'
compiling misc.c...
compiling stm32f10x_dma.c...
compiling stm32f10x_exti.c...
compiling stm32f10x_gpio.c...
compiling stm32f10x_i2c.c...
compiling stm32f10x_rcc.c...
compiling stm32f10x_tim.c...
compiling stm32f10x_usart.c...
compiling stm32f10x_adc.c...
compiling stm32f10x_bkp.c...
compiling stm32f10x_can.c...
compiling stm32f10x_cec.c...
compiling stm32f10x_crc.c...
compiling stm32f10x_dac.c...
compiling stm32f10x_dbgmcu.c...
compiling stm32f10x_flash.c...
compiling stm32f10x_fsmc.c...
compiling stm32f10x_iwdg.c...
compiling stm32f10x_pwr.c...
compiling stm32f10x_rtc.c...
compiling stm32f10x_sdio.c...
compiling stm32f10x_spi.c...
compiling stm32f10x_wwdg.c...
compiling core_cm3.c...
compiling system_stm32f10x.c...
compiling delay.c...
compiling I2C.c...
compiling I2C_MPU6050.c...
User\I2C_MPU6050.c(190): warning:  #223-D: function "delay_ms" declared implicitly
User\I2C_MPU6050.c:     delay_ms(100);
User\I2C_MPU6050.c:     ^
User\I2C_MPU6050.c: User\I2C_MPU6050.c: 1 warning, 0 errors
compiling led.c...
compiling main.c...
compiling motor.c...
compiling MPU6050.c...
compiling OUTPUTDATA.c...
compiling pwm.c...
compiling stm32f10x_it.c...
compiling systick.c...
compiling upstandingcar.c...
compiling usart.c...
compiling timer.c...
compiling UltrasonicWave.c...
compiling adc.c...
assembling startup_stm32f10x_md.s...
compiling inv_mpu.c...
compiling inv_mpu_dmp_motion_driver.c...
linking...
Program Size: Code=38412 RO-data=3828 RW-data=532 ZI-data=1572  
FromELF: creating hex file...
".\Output\BST Balance 0507.axf" - 0 Error(s), 1 Warning(s).
Build target 'Target 1'
compiling main.c...
compiling stm32f10x_it.c...
compiling upstandingcar.c...
compiling timer.c...
linking...
Program Size: Code=38412 RO-data=3828 RW-data=532 ZI-data=1572  
FromELF: creating hex file...
".\Output\BST Balance 0507.axf" - 0 Error(s), 0 Warning(s).
Build target 'Target 1'
compiling main.c...
compiling stm32f10x_it.c...
compiling upstandingcar.c...
compiling timer.c...
linking...
Program Size: Code=38412 RO-data=3828 RW-data=532 ZI-data=1572  
FromELF: creating hex file...
".\Output\BST Balance 0507.axf" - 0 Error(s), 0 Warning(s).
Build target 'Target 1'
compiling misc.c...
compiling stm32f10x_dma.c...
compiling stm32f10x_exti.c...
compiling stm32f10x_gpio.c...
compiling stm32f10x_i2c.c...
compiling stm32f10x_rcc.c...
compiling stm32f10x_tim.c...
compiling stm32f10x_usart.c...
compiling stm32f10x_adc.c...
compiling stm32f10x_bkp.c...
compiling stm32f10x_can.c...
compiling stm32f10x_cec.c...
compiling stm32f10x_crc.c...
compiling stm32f10x_dac.c...
compiling stm32f10x_dbgmcu.c...
compiling stm32f10x_flash.c...
compiling stm32f10x_fsmc.c...
compiling stm32f10x_iwdg.c...
compiling stm32f10x_pwr.c...
compiling stm32f10x_rtc.c...
compiling stm32f10x_sdio.c...
compiling stm32f10x_spi.c...
compiling stm32f10x_wwdg.c...
compiling core_cm3.c...
compiling system_stm32f10x.c...
compiling delay.c...
compiling I2C.c...
compiling I2C_MPU6050.c...
User\I2C_MPU6050.c(190): warning:  #223-D: function "delay_ms" declared implicitly
User\I2C_MPU6050.c:     delay_ms(100);
User\I2C_MPU6050.c:     ^
User\I2C_MPU6050.c: User\I2C_MPU6050.c: 1 warning, 0 errors
compiling led.c...
compiling main.c...
compiling motor.c...
compiling MPU6050.c...
compiling OUTPUTDATA.c...
compiling pwm.c...
compiling stm32f10x_it.c...
compiling systick.c...
compiling upstandingcar.c...
compiling usart.c...
compiling timer.c...
compiling UltrasonicWave.c...
compiling adc.c...
assembling startup_stm32f10x_md.s...
compiling inv_mpu.c...
compiling inv_mpu_dmp_motion_driver.c...
linking...
Program Size: Code=38412 RO-data=3828 RW-data=532 ZI-data=1572  
FromELF: creating hex file...
".\Output\BST Balance 0507.axf" - 0 Error(s), 1 Warning(s).
Build target 'Target 1'
compiling main.c...
compiling stm32f10x_it.c...
compiling upstandingcar.c...
compiling timer.c...
linking...
Program Size: Code=38420 RO-data=3828 RW-data=532 ZI-data=1572  
FromELF: creating hex file...
".\Output\BST Balance 0507.axf" - 0 Error(s), 0 Warning(s).
Build target 'Target 1'
compiling misc.c...
compiling stm32f10x_dma.c...
compiling stm32f10x_exti.c...
compiling stm32f10x_gpio.c...
compiling stm32f10x_i2c.c...
compiling stm32f10x_rcc.c...
compiling stm32f10x_tim.c...
compiling stm32f10x_usart.c...
compiling stm32f10x_adc.c...
compiling stm32f10x_bkp.c...
compiling stm32f10x_can.c...
compiling stm32f10x_cec.c...
compiling stm32f10x_crc.c...
compiling stm32f10x_dac.c...
compiling stm32f10x_dbgmcu.c...
compiling stm32f10x_flash.c...
compiling stm32f10x_fsmc.c...
compiling stm32f10x_iwdg.c...
compiling stm32f10x_pwr.c...
compiling stm32f10x_rtc.c...
compiling stm32f10x_sdio.c...
compiling stm32f10x_spi.c...
compiling stm32f10x_wwdg.c...
compiling core_cm3.c...
compiling system_stm32f10x.c...
compiling delay.c...
compiling I2C.c...
compiling I2C_MPU6050.c...
User\I2C_MPU6050.c(190): warning:  #223-D: function "delay_ms" declared implicitly
User\I2C_MPU6050.c:     delay_ms(100);
User\I2C_MPU6050.c:     ^
User\I2C_MPU6050.c: User\I2C_MPU6050.c: 1 warning, 0 errors
compiling led.c...
compiling main.c...
compiling motor.c...
compiling MPU6050.c...
compiling OUTPUTDATA.c...
compiling pwm.c...
compiling stm32f10x_it.c...
compiling systick.c...
compiling upstandingcar.c...
compiling usart.c...
compiling timer.c...
compiling UltrasonicWave.c...
compiling adc.c...
assembling startup_stm32f10x_md.s...
compiling inv_mpu.c...
compiling inv_mpu_dmp_motion_driver.c...
linking...
Program Size: Code=38420 RO-data=3828 RW-data=532 ZI-data=1572  
FromELF: creating hex file...
".\Output\BST Balance 0507.axf" - 0 Error(s), 1 Warning(s).
Build target 'Target 1'
compiling main.c...
compiling stm32f10x_it.c...
compiling upstandingcar.c...
compiling timer.c...
linking...
Program Size: Code=38428 RO-data=3828 RW-data=532 ZI-data=1572  
FromELF: creating hex file...
".\Output\BST Balance 0507.axf" - 0 Error(s), 0 Warning(s).
Build target 'Target 1'
linking...
Program Size: Code=38428 RO-data=3828 RW-data=532 ZI-data=1572  
FromELF: creating hex file...
".\Output\BST Balance 0507.axf" - 0 Error(s), 0 Warning(s).
Build target 'Target 1'
compiling main.c...
compiling stm32f10x_it.c...
compiling upstandingcar.c...
compiling timer.c...
linking...
Program Size: Code=38428 RO-data=3828 RW-data=532 ZI-data=1572  
FromELF: creating hex file...
".\Output\BST Balance 0507.axf" - 0 Error(s), 0 Warning(s).
Build target 'Target 1'
compiling main.c...
compiling stm32f10x_it.c...
compiling upstandingcar.c...
compiling timer.c...
linking...
Program Size: Code=38404 RO-data=3828 RW-data=532 ZI-data=1572  
FromELF: creating hex file...
".\Output\BST Balance 0507.axf" - 0 Error(s), 0 Warning(s).
Build target 'Target 1'
compiling main.c...
compiling stm32f10x_it.c...
compiling upstandingcar.c...
compiling timer.c...
linking...
Program Size: Code=38420 RO-data=3828 RW-data=532 ZI-data=1572  
FromELF: creating hex file...
".\Output\BST Balance 0507.axf" - 0 Error(s), 0 Warning(s).
Build target 'Target 1'
compiling main.c...
compiling stm32f10x_it.c...
compiling upstandingcar.c...
compiling timer.c...
linking...
Program Size: Code=38420 RO-data=3828 RW-data=532 ZI-data=1572  
FromELF: creating hex file...
".\Output\BST Balance 0507.axf" - 0 Error(s), 0 Warning(s).
Build target 'Target 1'
compiling upstandingcar.c...
linking...
Program Size: Code=38420 RO-data=3828 RW-data=532 ZI-data=1572  
FromELF: creating hex file...
".\Output\BST Balance 0507.axf" - 0 Error(s), 0 Warning(s).
Build target 'Target 1'
compiling upstandingcar.c...
linking...
Program Size: Code=38420 RO-data=3828 RW-data=532 ZI-data=1572  
FromELF: creating hex file...
".\Output\BST Balance 0507.axf" - 0 Error(s), 0 Warning(s).
Build target 'Target 1'
compiling main.c...
compiling stm32f10x_it.c...
compiling upstandingcar.c...
compiling timer.c...
linking...
Program Size: Code=38428 RO-data=3828 RW-data=532 ZI-data=1572  
FromELF: creating hex file...
".\Output\BST Balance 0507.axf" - 0 Error(s), 0 Warning(s).
Build target 'Target 1'
compiling upstandingcar.c...
linking...
Program Size: Code=38428 RO-data=3828 RW-data=532 ZI-data=1572  
FromELF: creating hex file...
".\Output\BST Balance 0507.axf" - 0 Error(s), 0 Warning(s).
Build target 'Target 1'
compiling upstandingcar.c...
linking...
Program Size: Code=38428 RO-data=3828 RW-data=532 ZI-data=1572  
FromELF: creating hex file...
".\Output\BST Balance 0507.axf" - 0 Error(s), 0 Warning(s).
Build target 'Target 1'
compiling upstandingcar.c...
linking...
Program Size: Code=38428 RO-data=3828 RW-data=532 ZI-data=1572  
FromELF: creating hex file...
".\Output\BST Balance 0507.axf" - 0 Error(s), 0 Warning(s).
Build target 'Target 1'
compiling misc.c...
compiling stm32f10x_dma.c...
compiling stm32f10x_exti.c...
compiling stm32f10x_gpio.c...
compiling stm32f10x_i2c.c...
compiling stm32f10x_rcc.c...
compiling stm32f10x_tim.c...
compiling stm32f10x_usart.c...
compiling stm32f10x_adc.c...
compiling stm32f10x_bkp.c...
compiling stm32f10x_can.c...
compiling stm32f10x_cec.c...
compiling stm32f10x_crc.c...
compiling stm32f10x_dac.c...
compiling stm32f10x_dbgmcu.c...
compiling stm32f10x_flash.c...
compiling stm32f10x_fsmc.c...
compiling stm32f10x_iwdg.c...
compiling stm32f10x_pwr.c...
compiling stm32f10x_rtc.c...
compiling stm32f10x_sdio.c...
compiling stm32f10x_spi.c...
compiling stm32f10x_wwdg.c...
compiling core_cm3.c...
compiling system_stm32f10x.c...
compiling delay.c...
compiling I2C.c...
compiling I2C_MPU6050.c...
User\I2C_MPU6050.c(190): warning:  #223-D: function "delay_ms" declared implicitly
User\I2C_MPU6050.c:     delay_ms(100);
User\I2C_MPU6050.c:     ^
User\I2C_MPU6050.c: User\I2C_MPU6050.c: 1 warning, 0 errors
compiling led.c...
compiling main.c...
compiling motor.c...
compiling MPU6050.c...
compiling OUTPUTDATA.c...
compiling pwm.c...
compiling stm32f10x_it.c...
compiling systick.c...
compiling upstandingcar.c...
compiling usart.c...
compiling timer.c...
compiling UltrasonicWave.c...
compiling adc.c...
assembling startup_stm32f10x_md.s...
compiling inv_mpu.c...
compiling inv_mpu_dmp_motion_driver.c...
linking...
Program Size: Code=38428 RO-data=3828 RW-data=532 ZI-data=1572  
FromELF: creating hex file...
"..\..\STM32平衡车源码\output\BST Balance 0327.axf" - 0 Error(s), 1 Warning(s).
