<html>
<body>
<pre>
<h1>礦ision Build Log</h1>
<h2>Project:</h2>
I:\临时文件\STM32平衡车源码20200327\STM32平衡车\BST Balance.uvproj
Project File Date:  03/27/2020

<h2>Output:</h2>
Build target 'Target 1'
compiling upstandingcar.c...
linking...
Program Size: Code=38428 RO-data=3828 RW-data=532 ZI-data=1572  
FromELF: creating hex file...
".\Output\BST Balance 0327.axf" - 0 Error(s), 0 Warning(s).
Build target 'Target 1'
compiling upstandingcar.c...
linking...
Program Size: Code=38428 RO-data=3828 RW-data=532 ZI-data=1572  
FromELF: creating hex file...
".\Output\BST Balance 0327.axf" - 0 Error(s), 0 Warning(s).
Build target 'Target 1'
compiling upstandingcar.c...
linking...
Program Size: Code=38428 RO-data=3828 RW-data=532 ZI-data=1572  
FromELF: creating hex file...
".\Output\BST Balance 0327.axf" - 0 Error(s), 0 Warning(s).
Build target 'Target 1'
linking...
Program Size: Code=38428 RO-data=3828 RW-data=532 ZI-data=1572  
FromELF: creating hex file...
".\Output\BST Balance 0327.axf" - 0 Error(s), 0 Warning(s).
