<html>
<body>
<pre>
<h1>µVision Build Log</h1>
<h2>Tool Versions:</h2>
IDE-Version: £gVision V5.37.0.0
Copyright (C) 2022 ARM Ltd and ARM Germany GmbH. All rights reserved.
License Information: George Hsieh, Np, LIC=QA30V-83MI7-4VA1J-7M876-DQA6C-NB0JA
 
Tool Versions:
Toolchain:       MDK-ARM Community  Version: 5.37.0.0
Toolchain Path:  C:\Keil_v5\ARM\ARMCC\Bin
C Compiler:      Armcc.exe V5.06 update 3 (build 300)
Assembler:       Armasm.exe V5.06 update 3 (build 300)
Linker/Locator:  ArmLink.exe V5.06 update 3 (build 300)
Library Manager: ArmAr.exe V5.06 update 3 (build 300)
Hex Converter:   FromElf.exe V5.06 update 3 (build 300)
CPU DLL:         SARMCM3.DLL V5.37.0.0
Dialog DLL:      DCM.DLL V1.17.5.0
Target DLL:      UL2CM3.DLL V1.164.7.0
Dialog DLL:      TCM.DLL V1.56.1.0
 
<h2>Project:</h2>
Y:\DellNB\D\autocar\STM32\BST Balance.uvprojx
Project File Date:  06/02/2025

<h2>Output:</h2>
*** Using Compiler 'V5.06 update 3 (build 300)', folder: 'C:\Keil_v5\ARM\ARMCC\Bin'
Rebuild target 'Target 1'
compiling stm32f10x_i2c.c...
compiling stm32f10x_dma.c...
compiling stm32f10x_usart.c...
compiling stm32f10x_tim.c...
compiling stm32f10x_rcc.c...
compiling stm32f10x_gpio.c...
compiling stm32f10x_exti.c...
compiling stm32f10x_adc.c...
compiling misc.c...
compiling stm32f10x_cec.c...
compiling stm32f10x_crc.c...
compiling stm32f10x_can.c...
compiling stm32f10x_bkp.c...
compiling stm32f10x_dac.c...
compiling stm32f10x_dbgmcu.c...
compiling stm32f10x_flash.c...
compiling stm32f10x_fsmc.c...
compiling stm32f10x_iwdg.c...
compiling stm32f10x_pwr.c...
compiling stm32f10x_rtc.c...
compiling stm32f10x_sdio.c...
compiling stm32f10x_spi.c...
compiling stm32f10x_wwdg.c...
compiling core_cm3.c...
compiling delay.c...
compiling system_stm32f10x.c...
compiling I2C_MPU6050.c...
User\I2C_MPU6050.c(190): warning:  #223-D: function "delay_ms" declared implicitly
  	delay_ms(100);
User\I2C_MPU6050.c: 1 warning, 0 errors
compiling motor.c...
compiling led.c...
compiling I2C.c...
compiling MPU6050.c...
compiling OUTPUTDATA.c...
compiling main.c...
compiling pwm.c...
compiling systick.c...
compiling stm32f10x_it.c...
compiling upstandingcar.c...
compiling timer.c...
compiling usart.c...
compiling UltrasonicWave.c...
assembling startup_stm32f10x_md.s...
compiling adc.c...
compiling inv_mpu.c...
compiling inv_mpu_dmp_motion_driver.c...
linking...
Program Size: Code=33646 RO-data=3802 RW-data=420 ZI-data=1476  
FromELF: creating hex file...
".\Output\BST Balance 0327.axf" - 0 Error(s), 1 Warning(s).

<h2>Software Packages used:</h2>

Package Vendor: Keil
                http://www.keil.com/pack/Keil.CS32F1xx_DFP.1.0.0.pack
                Keil.CS32F1xx_DFP.1.0.0
                CKS CS32F1 Series Device Support, Drivers

<h2>Collection of Component include folders:</h2>
  C:/Users/11003817/AppData/Local/Arm/Packs/Keil/CS32F1xx_DFP/1.0.0/Device/Include

<h2>Collection of Component Files used:</h2>
Build Time Elapsed:  00:00:35
</pre>
</body>
</html>
